C51 COMPILER V9.54   MCP3302                                                               07/15/2021 16:58:05 PAGE 1   


C51 COMPILER V9.54, COMPILATION OF MODULE MCP3302
OBJECT MODULE PLACED IN ..\Obj\MCP3302.obj
COMPILER INVOKED BY: D:\Program Files\Keil\Keil_v5\C51\BIN\C51.EXE ..\Peripheral\MCP3302.c OPTIMIZE(8,SPEED) BROWSE INCD
                    -IR(..\Hardware;..\Peripheral;..\Sys;..\User) DEBUG OBJECTEXTEND PRINT(.\Listings\MCP3302.lst) OBJECT(..\Obj\MCP3302.obj)

line level    source

   1          #include        "MCP3302.h"
   2          
   3          
   4          // int test(){
   5          //      return 0;
   6          // }


MODULE INFORMATION:   STATIC OVERLAYABLE
   CODE SIZE        =   ----    ----
   CONSTANT SIZE    =   ----    ----
   XDATA SIZE       =   ----    ----
   PDATA SIZE       =   ----    ----
   DATA SIZE        =   ----    ----
   IDATA SIZE       =   ----    ----
   BIT SIZE         =   ----    ----
END OF MODULE INFORMATION.


C51 COMPILATION COMPLETE.  0 WARNING(S),  0 ERROR(S)
